#-----------------------------------------------------------
# Webtalk v2021.1 (64-bit)
# SW Build 3247384 on Thu Jun 10 19:36:33 MDT 2021
# IP Build 3246043 on Fri Jun 11 00:30:35 MDT 2021
# Start of session at: Mon Oct 11 09:39:25 2021
# Process ID: 16188
# Current directory: D:/Electronic_Design/Project/Digital_Design/Tutorial_Xiaomei/09/uart_rtx/uart_rtx.sim/sim_1/impl/timing/xsim
# Command line: wbtcv.exe -mode batch -source D:/Electronic_Design/Project/Digital_Design/Tutorial_Xiaomei/09/uart_rtx/uart_rtx.sim/sim_1/impl/timing/xsim/xsim.dir/uart_tx_data_tb_time_impl/webtalk/xsim_webtalk.tcl -notrace
# Log file: D:/Electronic_Design/Project/Digital_Design/Tutorial_Xiaomei/09/uart_rtx/uart_rtx.sim/sim_1/impl/timing/xsim/webtalk.log
# Journal file: D:/Electronic_Design/Project/Digital_Design/Tutorial_Xiaomei/09/uart_rtx/uart_rtx.sim/sim_1/impl/timing/xsim\webtalk.jou
#-----------------------------------------------------------
source D:/Electronic_Design/Project/Digital_Design/Tutorial_Xiaomei/09/uart_rtx/uart_rtx.sim/sim_1/impl/timing/xsim/xsim.dir/uart_tx_data_tb_time_impl/webtalk/xsim_webtalk.tcl -notrace
